2026-03-02 12:21:11.368 +05:30 [WRN] The WebRootPath was not found: D:\vs 2019 Repos\Society_8777\Society_8777\wwwroot. Static files may be unavailable.
2026-03-02 12:25:26.938 +05:30 [WRN] No store type was specified for the decimal property 'Amount' on entity type 'Tbl_PaymentTransaction'. This will cause values to be silently truncated if they do not fit in the default precision and scale. Explicitly specify the SQL server column type that can accommodate all the values in 'OnModelCreating' using 'HasColumnType', specify precision and scale using 'HasPrecision', or configure a value converter using 'HasConversion'.
2026-03-02 12:25:26.946 +05:30 [WRN] No store type was specified for the decimal property 'OverallFailedTotalReconcile' on entity type 'Tbl_User'. This will cause values to be silently truncated if they do not fit in the default precision and scale. Explicitly specify the SQL server column type that can accommodate all the values in 'OnModelCreating' using 'HasColumnType', specify precision and scale using 'HasPrecision', or configure a value converter using 'HasConversion'.
2026-03-02 12:25:26.950 +05:30 [WRN] No store type was specified for the decimal property 'OverallTotalReconcile' on entity type 'Tbl_User'. This will cause values to be silently truncated if they do not fit in the default precision and scale. Explicitly specify the SQL server column type that can accommodate all the values in 'OnModelCreating' using 'HasColumnType', specify precision and scale using 'HasPrecision', or configure a value converter using 'HasConversion'.
2026-03-02 12:25:26.954 +05:30 [WRN] No store type was specified for the decimal property 'OwnFailedReconcile' on entity type 'Tbl_User'. This will cause values to be silently truncated if they do not fit in the default precision and scale. Explicitly specify the SQL server column type that can accommodate all the values in 'OnModelCreating' using 'HasColumnType', specify precision and scale using 'HasPrecision', or configure a value converter using 'HasConversion'.
2026-03-02 12:25:26.957 +05:30 [WRN] No store type was specified for the decimal property 'OwnReconcileAmt' on entity type 'Tbl_User'. This will cause values to be silently truncated if they do not fit in the default precision and scale. Explicitly specify the SQL server column type that can accommodate all the values in 'OnModelCreating' using 'HasColumnType', specify precision and scale using 'HasPrecision', or configure a value converter using 'HasConversion'.
2026-03-02 12:25:28.643 +05:30 [ERR] Failed executing DbCommand (244ms) [Parameters=[], CommandType='"Text"', CommandTimeout='30']
SELECT [t].[KeywordID], [t].[IntentId], [t].[IsPrimaryKeyword], [t].[Keyword]
FROM [Tbl_BotIntentKeywords] AS [t]
2026-03-02 12:25:28.783 +05:30 [ERR] An exception occurred while iterating over the results of a query for context type 'Society_8777.DataBaseContext.DataBaseContext'.
Microsoft.Data.SqlClient.SqlException (0x80131904): Invalid column name 'IsPrimaryKeyword'.
   at Microsoft.Data.SqlClient.SqlCommand.<>c.<ExecuteDbDataReaderAsync>b__195_0(Task`1 result)
   at System.Threading.Tasks.ContinuationResultTaskFromResultTask`2.InnerInvoke()
   at System.Threading.ExecutionContext.RunInternal(ExecutionContext executionContext, ContextCallback callback, Object state)
--- End of stack trace from previous location ---
   at System.Threading.ExecutionContext.RunInternal(ExecutionContext executionContext, ContextCallback callback, Object state)
   at System.Threading.Tasks.Task.ExecuteWithThreadLocal(Task& currentTaskSlot, Thread threadPoolThread)
--- End of stack trace from previous location ---
   at Microsoft.EntityFrameworkCore.Storage.RelationalCommand.ExecuteReaderAsync(RelationalCommandParameterObject parameterObject, CancellationToken cancellationToken)
   at Microsoft.EntityFrameworkCore.Storage.RelationalCommand.ExecuteReaderAsync(RelationalCommandParameterObject parameterObject, CancellationToken cancellationToken)
   at Microsoft.EntityFrameworkCore.Query.Internal.SingleQueryingEnumerable`1.AsyncEnumerator.InitializeReaderAsync(AsyncEnumerator enumerator, CancellationToken cancellationToken)
   at Microsoft.EntityFrameworkCore.SqlServer.Storage.Internal.SqlServerExecutionStrategy.ExecuteAsync[TState,TResult](TState state, Func`4 operation, Func`4 verifySucceeded, CancellationToken cancellationToken)
   at Microsoft.EntityFrameworkCore.Query.Internal.SingleQueryingEnumerable`1.AsyncEnumerator.MoveNextAsync()
ClientConnectionId:62f9c331-5499-40cf-badf-674e4673b0c4
Error Number:207,State:1,Class:16
Microsoft.Data.SqlClient.SqlException (0x80131904): Invalid column name 'IsPrimaryKeyword'.
   at Microsoft.Data.SqlClient.SqlCommand.<>c.<ExecuteDbDataReaderAsync>b__195_0(Task`1 result)
   at System.Threading.Tasks.ContinuationResultTaskFromResultTask`2.InnerInvoke()
   at System.Threading.ExecutionContext.RunInternal(ExecutionContext executionContext, ContextCallback callback, Object state)
--- End of stack trace from previous location ---
   at System.Threading.ExecutionContext.RunInternal(ExecutionContext executionContext, ContextCallback callback, Object state)
   at System.Threading.Tasks.Task.ExecuteWithThreadLocal(Task& currentTaskSlot, Thread threadPoolThread)
--- End of stack trace from previous location ---
   at Microsoft.EntityFrameworkCore.Storage.RelationalCommand.ExecuteReaderAsync(RelationalCommandParameterObject parameterObject, CancellationToken cancellationToken)
   at Microsoft.EntityFrameworkCore.Storage.RelationalCommand.ExecuteReaderAsync(RelationalCommandParameterObject parameterObject, CancellationToken cancellationToken)
   at Microsoft.EntityFrameworkCore.Query.Internal.SingleQueryingEnumerable`1.AsyncEnumerator.InitializeReaderAsync(AsyncEnumerator enumerator, CancellationToken cancellationToken)
   at Microsoft.EntityFrameworkCore.SqlServer.Storage.Internal.SqlServerExecutionStrategy.ExecuteAsync[TState,TResult](TState state, Func`4 operation, Func`4 verifySucceeded, CancellationToken cancellationToken)
   at Microsoft.EntityFrameworkCore.Query.Internal.SingleQueryingEnumerable`1.AsyncEnumerator.MoveNextAsync()
ClientConnectionId:62f9c331-5499-40cf-badf-674e4673b0c4
Error Number:207,State:1,Class:16
2026-03-02 12:27:07.799 +05:30 [WRN] The WebRootPath was not found: D:\vs 2019 Repos\Society_8777\Society_8777\wwwroot. Static files may be unavailable.
2026-03-02 12:28:06.907 +05:30 [WRN] No store type was specified for the decimal property 'Amount' on entity type 'Tbl_PaymentTransaction'. This will cause values to be silently truncated if they do not fit in the default precision and scale. Explicitly specify the SQL server column type that can accommodate all the values in 'OnModelCreating' using 'HasColumnType', specify precision and scale using 'HasPrecision', or configure a value converter using 'HasConversion'.
2026-03-02 12:28:06.916 +05:30 [WRN] No store type was specified for the decimal property 'OverallFailedTotalReconcile' on entity type 'Tbl_User'. This will cause values to be silently truncated if they do not fit in the default precision and scale. Explicitly specify the SQL server column type that can accommodate all the values in 'OnModelCreating' using 'HasColumnType', specify precision and scale using 'HasPrecision', or configure a value converter using 'HasConversion'.
2026-03-02 12:28:06.919 +05:30 [WRN] No store type was specified for the decimal property 'OverallTotalReconcile' on entity type 'Tbl_User'. This will cause values to be silently truncated if they do not fit in the default precision and scale. Explicitly specify the SQL server column type that can accommodate all the values in 'OnModelCreating' using 'HasColumnType', specify precision and scale using 'HasPrecision', or configure a value converter using 'HasConversion'.
2026-03-02 12:28:06.922 +05:30 [WRN] No store type was specified for the decimal property 'OwnFailedReconcile' on entity type 'Tbl_User'. This will cause values to be silently truncated if they do not fit in the default precision and scale. Explicitly specify the SQL server column type that can accommodate all the values in 'OnModelCreating' using 'HasColumnType', specify precision and scale using 'HasPrecision', or configure a value converter using 'HasConversion'.
2026-03-02 12:28:06.925 +05:30 [WRN] No store type was specified for the decimal property 'OwnReconcileAmt' on entity type 'Tbl_User'. This will cause values to be silently truncated if they do not fit in the default precision and scale. Explicitly specify the SQL server column type that can accommodate all the values in 'OnModelCreating' using 'HasColumnType', specify precision and scale using 'HasPrecision', or configure a value converter using 'HasConversion'.
2026-03-02 12:28:08.957 +05:30 [ERR] An exception occurred while iterating over the results of a query for context type 'Society_8777.DataBaseContext.DataBaseContext'.
System.Data.SqlTypes.SqlNullValueException: Data is Null. This method or property cannot be called on Null values.
   at Microsoft.Data.SqlClient.SqlBuffer.ThrowIfNull()
   at Microsoft.Data.SqlClient.SqlBuffer.get_Boolean()
   at Microsoft.Data.SqlClient.SqlDataReader.GetBoolean(Int32 i)
   at lambda_method36(Closure, QueryContext, DbDataReader, ResultContext, SingleQueryResultCoordinator)
   at Microsoft.EntityFrameworkCore.Query.Internal.SingleQueryingEnumerable`1.AsyncEnumerator.MoveNextAsync()
System.Data.SqlTypes.SqlNullValueException: Data is Null. This method or property cannot be called on Null values.
   at Microsoft.Data.SqlClient.SqlBuffer.ThrowIfNull()
   at Microsoft.Data.SqlClient.SqlBuffer.get_Boolean()
   at Microsoft.Data.SqlClient.SqlDataReader.GetBoolean(Int32 i)
   at lambda_method36(Closure, QueryContext, DbDataReader, ResultContext, SingleQueryResultCoordinator)
   at Microsoft.EntityFrameworkCore.Query.Internal.SingleQueryingEnumerable`1.AsyncEnumerator.MoveNextAsync()
2026-03-02 12:29:42.972 +05:30 [WRN] The WebRootPath was not found: D:\vs 2019 Repos\Society_8777\Society_8777\wwwroot. Static files may be unavailable.
2026-03-02 12:30:24.234 +05:30 [WRN] No store type was specified for the decimal property 'Amount' on entity type 'Tbl_PaymentTransaction'. This will cause values to be silently truncated if they do not fit in the default precision and scale. Explicitly specify the SQL server column type that can accommodate all the values in 'OnModelCreating' using 'HasColumnType', specify precision and scale using 'HasPrecision', or configure a value converter using 'HasConversion'.
2026-03-02 12:30:24.245 +05:30 [WRN] No store type was specified for the decimal property 'OverallFailedTotalReconcile' on entity type 'Tbl_User'. This will cause values to be silently truncated if they do not fit in the default precision and scale. Explicitly specify the SQL server column type that can accommodate all the values in 'OnModelCreating' using 'HasColumnType', specify precision and scale using 'HasPrecision', or configure a value converter using 'HasConversion'.
2026-03-02 12:30:24.248 +05:30 [WRN] No store type was specified for the decimal property 'OverallTotalReconcile' on entity type 'Tbl_User'. This will cause values to be silently truncated if they do not fit in the default precision and scale. Explicitly specify the SQL server column type that can accommodate all the values in 'OnModelCreating' using 'HasColumnType', specify precision and scale using 'HasPrecision', or configure a value converter using 'HasConversion'.
2026-03-02 12:30:24.251 +05:30 [WRN] No store type was specified for the decimal property 'OwnFailedReconcile' on entity type 'Tbl_User'. This will cause values to be silently truncated if they do not fit in the default precision and scale. Explicitly specify the SQL server column type that can accommodate all the values in 'OnModelCreating' using 'HasColumnType', specify precision and scale using 'HasPrecision', or configure a value converter using 'HasConversion'.
2026-03-02 12:30:24.255 +05:30 [WRN] No store type was specified for the decimal property 'OwnReconcileAmt' on entity type 'Tbl_User'. This will cause values to be silently truncated if they do not fit in the default precision and scale. Explicitly specify the SQL server column type that can accommodate all the values in 'OnModelCreating' using 'HasColumnType', specify precision and scale using 'HasPrecision', or configure a value converter using 'HasConversion'.
