2026-03-04 19:06:44.613 +05:30 [WRN] The WebRootPath was not found: D:\vs 2019 Repos\Society_8777\Society_8777\wwwroot. Static files may be unavailable.
2026-03-04 19:09:40.311 +05:30 [WRN] The WebRootPath was not found: D:\vs 2019 Repos\Society_8777\Society_8777\wwwroot. Static files may be unavailable.
2026-03-04 19:12:44.544 +05:30 [WRN] The WebRootPath was not found: D:\vs 2019 Repos\Society_8777\Society_8777\wwwroot. Static files may be unavailable.
2026-03-04 19:13:08.258 +05:30 [WRN] No store type was specified for the decimal property 'Amount' on entity type 'Tbl_PaymentTransaction'. This will cause values to be silently truncated if they do not fit in the default precision and scale. Explicitly specify the SQL server column type that can accommodate all the values in 'OnModelCreating' using 'HasColumnType', specify precision and scale using 'HasPrecision', or configure a value converter using 'HasConversion'.
2026-03-04 19:13:08.271 +05:30 [WRN] No store type was specified for the decimal property 'OverallFailedTotalReconcile' on entity type 'Tbl_User'. This will cause values to be silently truncated if they do not fit in the default precision and scale. Explicitly specify the SQL server column type that can accommodate all the values in 'OnModelCreating' using 'HasColumnType', specify precision and scale using 'HasPrecision', or configure a value converter using 'HasConversion'.
2026-03-04 19:13:08.276 +05:30 [WRN] No store type was specified for the decimal property 'OverallTotalReconcile' on entity type 'Tbl_User'. This will cause values to be silently truncated if they do not fit in the default precision and scale. Explicitly specify the SQL server column type that can accommodate all the values in 'OnModelCreating' using 'HasColumnType', specify precision and scale using 'HasPrecision', or configure a value converter using 'HasConversion'.
2026-03-04 19:13:08.281 +05:30 [WRN] No store type was specified for the decimal property 'OwnFailedReconcile' on entity type 'Tbl_User'. This will cause values to be silently truncated if they do not fit in the default precision and scale. Explicitly specify the SQL server column type that can accommodate all the values in 'OnModelCreating' using 'HasColumnType', specify precision and scale using 'HasPrecision', or configure a value converter using 'HasConversion'.
2026-03-04 19:13:08.285 +05:30 [WRN] No store type was specified for the decimal property 'OwnReconcileAmt' on entity type 'Tbl_User'. This will cause values to be silently truncated if they do not fit in the default precision and scale. Explicitly specify the SQL server column type that can accommodate all the values in 'OnModelCreating' using 'HasColumnType', specify precision and scale using 'HasPrecision', or configure a value converter using 'HasConversion'.
2026-03-04 19:13:11.819 +05:30 [ERR] Failed executing DbCommand (478ms) [Parameters=[@__intentId_0='?' (DbType = Int64)], CommandType='"Text"', CommandTimeout='30']
SELECT TOP(1) [t0].[ActionId], [t0].[ActionType], [t0].[SqlQuery]
FROM [Tbl_BotIntentAction] AS [t]
INNER JOIN [Tbl_BotActions] AS [t0] ON [t].[ActionId] = [t0].[ActionId]
WHERE CAST([t].[IntentId] AS bigint) = @__intentId_0
2026-03-04 19:13:11.904 +05:30 [ERR] An exception occurred while iterating over the results of a query for context type 'Society_8777.DataBaseContext.DataBaseContext'.
Microsoft.Data.SqlClient.SqlException (0x80131904): Invalid object name 'Tbl_BotActions'.
   at Microsoft.Data.SqlClient.SqlCommand.<>c.<ExecuteDbDataReaderAsync>b__195_0(Task`1 result)
   at System.Threading.Tasks.ContinuationResultTaskFromResultTask`2.InnerInvoke()
   at System.Threading.ExecutionContext.RunInternal(ExecutionContext executionContext, ContextCallback callback, Object state)
--- End of stack trace from previous location ---
   at System.Threading.ExecutionContext.RunInternal(ExecutionContext executionContext, ContextCallback callback, Object state)
   at System.Threading.Tasks.Task.ExecuteWithThreadLocal(Task& currentTaskSlot, Thread threadPoolThread)
--- End of stack trace from previous location ---
   at Microsoft.EntityFrameworkCore.Storage.RelationalCommand.ExecuteReaderAsync(RelationalCommandParameterObject parameterObject, CancellationToken cancellationToken)
   at Microsoft.EntityFrameworkCore.Storage.RelationalCommand.ExecuteReaderAsync(RelationalCommandParameterObject parameterObject, CancellationToken cancellationToken)
   at Microsoft.EntityFrameworkCore.Query.Internal.SingleQueryingEnumerable`1.AsyncEnumerator.InitializeReaderAsync(AsyncEnumerator enumerator, CancellationToken cancellationToken)
   at Microsoft.EntityFrameworkCore.SqlServer.Storage.Internal.SqlServerExecutionStrategy.ExecuteAsync[TState,TResult](TState state, Func`4 operation, Func`4 verifySucceeded, CancellationToken cancellationToken)
   at Microsoft.EntityFrameworkCore.Query.Internal.SingleQueryingEnumerable`1.AsyncEnumerator.MoveNextAsync()
ClientConnectionId:dfa8f299-e770-4457-8e2f-e394f367b637
Error Number:208,State:1,Class:16
Microsoft.Data.SqlClient.SqlException (0x80131904): Invalid object name 'Tbl_BotActions'.
   at Microsoft.Data.SqlClient.SqlCommand.<>c.<ExecuteDbDataReaderAsync>b__195_0(Task`1 result)
   at System.Threading.Tasks.ContinuationResultTaskFromResultTask`2.InnerInvoke()
   at System.Threading.ExecutionContext.RunInternal(ExecutionContext executionContext, ContextCallback callback, Object state)
--- End of stack trace from previous location ---
   at System.Threading.ExecutionContext.RunInternal(ExecutionContext executionContext, ContextCallback callback, Object state)
   at System.Threading.Tasks.Task.ExecuteWithThreadLocal(Task& currentTaskSlot, Thread threadPoolThread)
--- End of stack trace from previous location ---
   at Microsoft.EntityFrameworkCore.Storage.RelationalCommand.ExecuteReaderAsync(RelationalCommandParameterObject parameterObject, CancellationToken cancellationToken)
   at Microsoft.EntityFrameworkCore.Storage.RelationalCommand.ExecuteReaderAsync(RelationalCommandParameterObject parameterObject, CancellationToken cancellationToken)
   at Microsoft.EntityFrameworkCore.Query.Internal.SingleQueryingEnumerable`1.AsyncEnumerator.InitializeReaderAsync(AsyncEnumerator enumerator, CancellationToken cancellationToken)
   at Microsoft.EntityFrameworkCore.SqlServer.Storage.Internal.SqlServerExecutionStrategy.ExecuteAsync[TState,TResult](TState state, Func`4 operation, Func`4 verifySucceeded, CancellationToken cancellationToken)
   at Microsoft.EntityFrameworkCore.Query.Internal.SingleQueryingEnumerable`1.AsyncEnumerator.MoveNextAsync()
ClientConnectionId:dfa8f299-e770-4457-8e2f-e394f367b637
Error Number:208,State:1,Class:16
2026-03-04 19:13:56.230 +05:30 [WRN] The WebRootPath was not found: D:\vs 2019 Repos\Society_8777\Society_8777\wwwroot. Static files may be unavailable.
2026-03-04 19:14:51.309 +05:30 [WRN] No store type was specified for the decimal property 'Amount' on entity type 'Tbl_PaymentTransaction'. This will cause values to be silently truncated if they do not fit in the default precision and scale. Explicitly specify the SQL server column type that can accommodate all the values in 'OnModelCreating' using 'HasColumnType', specify precision and scale using 'HasPrecision', or configure a value converter using 'HasConversion'.
2026-03-04 19:14:51.317 +05:30 [WRN] No store type was specified for the decimal property 'OverallFailedTotalReconcile' on entity type 'Tbl_User'. This will cause values to be silently truncated if they do not fit in the default precision and scale. Explicitly specify the SQL server column type that can accommodate all the values in 'OnModelCreating' using 'HasColumnType', specify precision and scale using 'HasPrecision', or configure a value converter using 'HasConversion'.
2026-03-04 19:14:51.319 +05:30 [WRN] No store type was specified for the decimal property 'OverallTotalReconcile' on entity type 'Tbl_User'. This will cause values to be silently truncated if they do not fit in the default precision and scale. Explicitly specify the SQL server column type that can accommodate all the values in 'OnModelCreating' using 'HasColumnType', specify precision and scale using 'HasPrecision', or configure a value converter using 'HasConversion'.
2026-03-04 19:14:51.323 +05:30 [WRN] No store type was specified for the decimal property 'OwnFailedReconcile' on entity type 'Tbl_User'. This will cause values to be silently truncated if they do not fit in the default precision and scale. Explicitly specify the SQL server column type that can accommodate all the values in 'OnModelCreating' using 'HasColumnType', specify precision and scale using 'HasPrecision', or configure a value converter using 'HasConversion'.
2026-03-04 19:14:51.326 +05:30 [WRN] No store type was specified for the decimal property 'OwnReconcileAmt' on entity type 'Tbl_User'. This will cause values to be silently truncated if they do not fit in the default precision and scale. Explicitly specify the SQL server column type that can accommodate all the values in 'OnModelCreating' using 'HasColumnType', specify precision and scale using 'HasPrecision', or configure a value converter using 'HasConversion'.
2026-03-04 19:14:55.347 +05:30 [ERR] An exception occurred while iterating over the results of a query for context type 'Society_8777.DataBaseContext.DataBaseContext'.
System.InvalidCastException: Unable to cast object of type 'System.Int64' to type 'System.Int32'.
   at Microsoft.Data.SqlClient.SqlBuffer.get_Int32()
   at Microsoft.Data.SqlClient.SqlDataReader.GetInt32(Int32 i)
   at lambda_method73(Closure, QueryContext, DbDataReader, ResultContext, SingleQueryResultCoordinator)
   at Microsoft.EntityFrameworkCore.Query.Internal.SingleQueryingEnumerable`1.AsyncEnumerator.MoveNextAsync()
System.InvalidCastException: Unable to cast object of type 'System.Int64' to type 'System.Int32'.
   at Microsoft.Data.SqlClient.SqlBuffer.get_Int32()
   at Microsoft.Data.SqlClient.SqlDataReader.GetInt32(Int32 i)
   at lambda_method73(Closure, QueryContext, DbDataReader, ResultContext, SingleQueryResultCoordinator)
   at Microsoft.EntityFrameworkCore.Query.Internal.SingleQueryingEnumerable`1.AsyncEnumerator.MoveNextAsync()
2026-03-04 19:15:59.801 +05:30 [WRN] The WebRootPath was not found: D:\vs 2019 Repos\Society_8777\Society_8777\wwwroot. Static files may be unavailable.
2026-03-04 19:16:32.985 +05:30 [WRN] No store type was specified for the decimal property 'Amount' on entity type 'Tbl_PaymentTransaction'. This will cause values to be silently truncated if they do not fit in the default precision and scale. Explicitly specify the SQL server column type that can accommodate all the values in 'OnModelCreating' using 'HasColumnType', specify precision and scale using 'HasPrecision', or configure a value converter using 'HasConversion'.
2026-03-04 19:16:32.996 +05:30 [WRN] No store type was specified for the decimal property 'OverallFailedTotalReconcile' on entity type 'Tbl_User'. This will cause values to be silently truncated if they do not fit in the default precision and scale. Explicitly specify the SQL server column type that can accommodate all the values in 'OnModelCreating' using 'HasColumnType', specify precision and scale using 'HasPrecision', or configure a value converter using 'HasConversion'.
2026-03-04 19:16:33.001 +05:30 [WRN] No store type was specified for the decimal property 'OverallTotalReconcile' on entity type 'Tbl_User'. This will cause values to be silently truncated if they do not fit in the default precision and scale. Explicitly specify the SQL server column type that can accommodate all the values in 'OnModelCreating' using 'HasColumnType', specify precision and scale using 'HasPrecision', or configure a value converter using 'HasConversion'.
2026-03-04 19:16:33.006 +05:30 [WRN] No store type was specified for the decimal property 'OwnFailedReconcile' on entity type 'Tbl_User'. This will cause values to be silently truncated if they do not fit in the default precision and scale. Explicitly specify the SQL server column type that can accommodate all the values in 'OnModelCreating' using 'HasColumnType', specify precision and scale using 'HasPrecision', or configure a value converter using 'HasConversion'.
2026-03-04 19:16:33.010 +05:30 [WRN] No store type was specified for the decimal property 'OwnReconcileAmt' on entity type 'Tbl_User'. This will cause values to be silently truncated if they do not fit in the default precision and scale. Explicitly specify the SQL server column type that can accommodate all the values in 'OnModelCreating' using 'HasColumnType', specify precision and scale using 'HasPrecision', or configure a value converter using 'HasConversion'.
2026-03-04 19:16:37.399 +05:30 [ERR] An exception occurred while iterating over the results of a query for context type 'Society_8777.DataBaseContext.DataBaseContext'.
System.InvalidCastException: Unable to cast object of type 'System.Int64' to type 'System.Int32'.
   at Microsoft.Data.SqlClient.SqlBuffer.get_Int32()
   at Microsoft.Data.SqlClient.SqlDataReader.GetInt32(Int32 i)
   at lambda_method73(Closure, QueryContext, DbDataReader, ResultContext, SingleQueryResultCoordinator)
   at Microsoft.EntityFrameworkCore.Query.Internal.SingleQueryingEnumerable`1.AsyncEnumerator.MoveNextAsync()
System.InvalidCastException: Unable to cast object of type 'System.Int64' to type 'System.Int32'.
   at Microsoft.Data.SqlClient.SqlBuffer.get_Int32()
   at Microsoft.Data.SqlClient.SqlDataReader.GetInt32(Int32 i)
   at lambda_method73(Closure, QueryContext, DbDataReader, ResultContext, SingleQueryResultCoordinator)
   at Microsoft.EntityFrameworkCore.Query.Internal.SingleQueryingEnumerable`1.AsyncEnumerator.MoveNextAsync()
2026-03-04 19:22:43.824 +05:30 [WRN] The WebRootPath was not found: D:\vs 2019 Repos\Society_8777\Society_8777\wwwroot. Static files may be unavailable.
2026-03-04 19:25:57.247 +05:30 [WRN] No store type was specified for the decimal property 'Amount' on entity type 'Tbl_PaymentTransaction'. This will cause values to be silently truncated if they do not fit in the default precision and scale. Explicitly specify the SQL server column type that can accommodate all the values in 'OnModelCreating' using 'HasColumnType', specify precision and scale using 'HasPrecision', or configure a value converter using 'HasConversion'.
2026-03-04 19:25:57.259 +05:30 [WRN] No store type was specified for the decimal property 'OverallFailedTotalReconcile' on entity type 'Tbl_User'. This will cause values to be silently truncated if they do not fit in the default precision and scale. Explicitly specify the SQL server column type that can accommodate all the values in 'OnModelCreating' using 'HasColumnType', specify precision and scale using 'HasPrecision', or configure a value converter using 'HasConversion'.
2026-03-04 19:25:57.262 +05:30 [WRN] No store type was specified for the decimal property 'OverallTotalReconcile' on entity type 'Tbl_User'. This will cause values to be silently truncated if they do not fit in the default precision and scale. Explicitly specify the SQL server column type that can accommodate all the values in 'OnModelCreating' using 'HasColumnType', specify precision and scale using 'HasPrecision', or configure a value converter using 'HasConversion'.
2026-03-04 19:25:57.267 +05:30 [WRN] No store type was specified for the decimal property 'OwnFailedReconcile' on entity type 'Tbl_User'. This will cause values to be silently truncated if they do not fit in the default precision and scale. Explicitly specify the SQL server column type that can accommodate all the values in 'OnModelCreating' using 'HasColumnType', specify precision and scale using 'HasPrecision', or configure a value converter using 'HasConversion'.
2026-03-04 19:25:57.270 +05:30 [WRN] No store type was specified for the decimal property 'OwnReconcileAmt' on entity type 'Tbl_User'. This will cause values to be silently truncated if they do not fit in the default precision and scale. Explicitly specify the SQL server column type that can accommodate all the values in 'OnModelCreating' using 'HasColumnType', specify precision and scale using 'HasPrecision', or configure a value converter using 'HasConversion'.
2026-03-04 19:26:00.901 +05:30 [ERR] An exception occurred while iterating over the results of a query for context type 'Society_8777.DataBaseContext.DataBaseContext'.
System.InvalidCastException: Unable to cast object of type 'System.Int64' to type 'System.Int32'.
   at Microsoft.Data.SqlClient.SqlBuffer.get_Int32()
   at Microsoft.Data.SqlClient.SqlDataReader.GetInt32(Int32 i)
   at lambda_method73(Closure, QueryContext, DbDataReader, ResultContext, SingleQueryResultCoordinator)
   at Microsoft.EntityFrameworkCore.Query.Internal.SingleQueryingEnumerable`1.AsyncEnumerator.MoveNextAsync()
System.InvalidCastException: Unable to cast object of type 'System.Int64' to type 'System.Int32'.
   at Microsoft.Data.SqlClient.SqlBuffer.get_Int32()
   at Microsoft.Data.SqlClient.SqlDataReader.GetInt32(Int32 i)
   at lambda_method73(Closure, QueryContext, DbDataReader, ResultContext, SingleQueryResultCoordinator)
   at Microsoft.EntityFrameworkCore.Query.Internal.SingleQueryingEnumerable`1.AsyncEnumerator.MoveNextAsync()
2026-03-04 19:29:20.782 +05:30 [WRN] The WebRootPath was not found: D:\vs 2019 Repos\Society_8777\Society_8777\wwwroot. Static files may be unavailable.
2026-03-04 19:29:52.206 +05:30 [WRN] No store type was specified for the decimal property 'Amount' on entity type 'Tbl_PaymentTransaction'. This will cause values to be silently truncated if they do not fit in the default precision and scale. Explicitly specify the SQL server column type that can accommodate all the values in 'OnModelCreating' using 'HasColumnType', specify precision and scale using 'HasPrecision', or configure a value converter using 'HasConversion'.
2026-03-04 19:29:52.214 +05:30 [WRN] No store type was specified for the decimal property 'OverallFailedTotalReconcile' on entity type 'Tbl_User'. This will cause values to be silently truncated if they do not fit in the default precision and scale. Explicitly specify the SQL server column type that can accommodate all the values in 'OnModelCreating' using 'HasColumnType', specify precision and scale using 'HasPrecision', or configure a value converter using 'HasConversion'.
2026-03-04 19:29:52.218 +05:30 [WRN] No store type was specified for the decimal property 'OverallTotalReconcile' on entity type 'Tbl_User'. This will cause values to be silently truncated if they do not fit in the default precision and scale. Explicitly specify the SQL server column type that can accommodate all the values in 'OnModelCreating' using 'HasColumnType', specify precision and scale using 'HasPrecision', or configure a value converter using 'HasConversion'.
2026-03-04 19:29:52.221 +05:30 [WRN] No store type was specified for the decimal property 'OwnFailedReconcile' on entity type 'Tbl_User'. This will cause values to be silently truncated if they do not fit in the default precision and scale. Explicitly specify the SQL server column type that can accommodate all the values in 'OnModelCreating' using 'HasColumnType', specify precision and scale using 'HasPrecision', or configure a value converter using 'HasConversion'.
2026-03-04 19:29:52.224 +05:30 [WRN] No store type was specified for the decimal property 'OwnReconcileAmt' on entity type 'Tbl_User'. This will cause values to be silently truncated if they do not fit in the default precision and scale. Explicitly specify the SQL server column type that can accommodate all the values in 'OnModelCreating' using 'HasColumnType', specify precision and scale using 'HasPrecision', or configure a value converter using 'HasConversion'.
2026-03-04 19:32:38.833 +05:30 [WRN] The WebRootPath was not found: D:\vs 2019 Repos\Society_8777\Society_8777\wwwroot. Static files may be unavailable.
2026-03-04 19:33:30.883 +05:30 [WRN] No store type was specified for the decimal property 'Amount' on entity type 'Tbl_PaymentTransaction'. This will cause values to be silently truncated if they do not fit in the default precision and scale. Explicitly specify the SQL server column type that can accommodate all the values in 'OnModelCreating' using 'HasColumnType', specify precision and scale using 'HasPrecision', or configure a value converter using 'HasConversion'.
2026-03-04 19:33:30.892 +05:30 [WRN] No store type was specified for the decimal property 'OverallFailedTotalReconcile' on entity type 'Tbl_User'. This will cause values to be silently truncated if they do not fit in the default precision and scale. Explicitly specify the SQL server column type that can accommodate all the values in 'OnModelCreating' using 'HasColumnType', specify precision and scale using 'HasPrecision', or configure a value converter using 'HasConversion'.
2026-03-04 19:33:30.896 +05:30 [WRN] No store type was specified for the decimal property 'OverallTotalReconcile' on entity type 'Tbl_User'. This will cause values to be silently truncated if they do not fit in the default precision and scale. Explicitly specify the SQL server column type that can accommodate all the values in 'OnModelCreating' using 'HasColumnType', specify precision and scale using 'HasPrecision', or configure a value converter using 'HasConversion'.
2026-03-04 19:33:30.899 +05:30 [WRN] No store type was specified for the decimal property 'OwnFailedReconcile' on entity type 'Tbl_User'. This will cause values to be silently truncated if they do not fit in the default precision and scale. Explicitly specify the SQL server column type that can accommodate all the values in 'OnModelCreating' using 'HasColumnType', specify precision and scale using 'HasPrecision', or configure a value converter using 'HasConversion'.
2026-03-04 19:33:30.902 +05:30 [WRN] No store type was specified for the decimal property 'OwnReconcileAmt' on entity type 'Tbl_User'. This will cause values to be silently truncated if they do not fit in the default precision and scale. Explicitly specify the SQL server column type that can accommodate all the values in 'OnModelCreating' using 'HasColumnType', specify precision and scale using 'HasPrecision', or configure a value converter using 'HasConversion'.
2026-03-04 19:47:51.866 +05:30 [WRN] The WebRootPath was not found: D:\vs 2019 Repos\Society_8777\Society_8777\wwwroot. Static files may be unavailable.
2026-03-04 19:48:36.247 +05:30 [WRN] No store type was specified for the decimal property 'Amount' on entity type 'Tbl_PaymentTransaction'. This will cause values to be silently truncated if they do not fit in the default precision and scale. Explicitly specify the SQL server column type that can accommodate all the values in 'OnModelCreating' using 'HasColumnType', specify precision and scale using 'HasPrecision', or configure a value converter using 'HasConversion'.
2026-03-04 19:48:36.256 +05:30 [WRN] No store type was specified for the decimal property 'OverallFailedTotalReconcile' on entity type 'Tbl_User'. This will cause values to be silently truncated if they do not fit in the default precision and scale. Explicitly specify the SQL server column type that can accommodate all the values in 'OnModelCreating' using 'HasColumnType', specify precision and scale using 'HasPrecision', or configure a value converter using 'HasConversion'.
2026-03-04 19:48:36.260 +05:30 [WRN] No store type was specified for the decimal property 'OverallTotalReconcile' on entity type 'Tbl_User'. This will cause values to be silently truncated if they do not fit in the default precision and scale. Explicitly specify the SQL server column type that can accommodate all the values in 'OnModelCreating' using 'HasColumnType', specify precision and scale using 'HasPrecision', or configure a value converter using 'HasConversion'.
2026-03-04 19:48:36.263 +05:30 [WRN] No store type was specified for the decimal property 'OwnFailedReconcile' on entity type 'Tbl_User'. This will cause values to be silently truncated if they do not fit in the default precision and scale. Explicitly specify the SQL server column type that can accommodate all the values in 'OnModelCreating' using 'HasColumnType', specify precision and scale using 'HasPrecision', or configure a value converter using 'HasConversion'.
2026-03-04 19:48:36.267 +05:30 [WRN] No store type was specified for the decimal property 'OwnReconcileAmt' on entity type 'Tbl_User'. This will cause values to be silently truncated if they do not fit in the default precision and scale. Explicitly specify the SQL server column type that can accommodate all the values in 'OnModelCreating' using 'HasColumnType', specify precision and scale using 'HasPrecision', or configure a value converter using 'HasConversion'.
2026-03-04 19:52:49.165 +05:30 [ERR] An error occurred using the connection to database '' on server ''.
2026-03-04 19:52:49.218 +05:30 [ERR] An exception occurred while iterating over the results of a query for context type 'Society_8777.DataBaseContext.DataBaseContext'.
System.InvalidOperationException: The ConnectionString property has not been initialized.
   at Microsoft.Data.SqlClient.SqlConnection.PermissionDemand()
   at Microsoft.Data.SqlClient.SqlConnectionFactory.PermissionDemand(DbConnection outerConnection)
   at Microsoft.Data.ProviderBase.DbConnectionInternal.TryOpenConnectionInternal(DbConnection outerConnection, DbConnectionFactory connectionFactory, TaskCompletionSource`1 retry, DbConnectionOptions userOptions)
   at Microsoft.Data.ProviderBase.DbConnectionClosed.TryOpenConnection(DbConnection outerConnection, DbConnectionFactory connectionFactory, TaskCompletionSource`1 retry, DbConnectionOptions userOptions)
   at Microsoft.Data.SqlClient.SqlConnection.TryOpen(TaskCompletionSource`1 retry, SqlConnectionOverrides overrides)
   at Microsoft.Data.SqlClient.SqlConnection.InternalOpenAsync(SqlConnectionOverrides overrides, CancellationToken cancellationToken)
--- End of stack trace from previous location ---
   at Microsoft.EntityFrameworkCore.Storage.RelationalConnection.OpenInternalAsync(Boolean errorsExpected, CancellationToken cancellationToken)
   at Microsoft.EntityFrameworkCore.Storage.RelationalConnection.OpenInternalAsync(Boolean errorsExpected, CancellationToken cancellationToken)
   at Microsoft.EntityFrameworkCore.Storage.RelationalConnection.OpenAsync(CancellationToken cancellationToken, Boolean errorsExpected)
   at Microsoft.EntityFrameworkCore.Storage.RelationalCommand.ExecuteReaderAsync(RelationalCommandParameterObject parameterObject, CancellationToken cancellationToken)
   at Microsoft.EntityFrameworkCore.Query.Internal.SingleQueryingEnumerable`1.AsyncEnumerator.InitializeReaderAsync(AsyncEnumerator enumerator, CancellationToken cancellationToken)
   at Microsoft.EntityFrameworkCore.SqlServer.Storage.Internal.SqlServerExecutionStrategy.ExecuteAsync[TState,TResult](TState state, Func`4 operation, Func`4 verifySucceeded, CancellationToken cancellationToken)
   at Microsoft.EntityFrameworkCore.Query.Internal.SingleQueryingEnumerable`1.AsyncEnumerator.MoveNextAsync()
System.InvalidOperationException: The ConnectionString property has not been initialized.
   at Microsoft.Data.SqlClient.SqlConnection.PermissionDemand()
   at Microsoft.Data.SqlClient.SqlConnectionFactory.PermissionDemand(DbConnection outerConnection)
   at Microsoft.Data.ProviderBase.DbConnectionInternal.TryOpenConnectionInternal(DbConnection outerConnection, DbConnectionFactory connectionFactory, TaskCompletionSource`1 retry, DbConnectionOptions userOptions)
   at Microsoft.Data.ProviderBase.DbConnectionClosed.TryOpenConnection(DbConnection outerConnection, DbConnectionFactory connectionFactory, TaskCompletionSource`1 retry, DbConnectionOptions userOptions)
   at Microsoft.Data.SqlClient.SqlConnection.TryOpen(TaskCompletionSource`1 retry, SqlConnectionOverrides overrides)
   at Microsoft.Data.SqlClient.SqlConnection.InternalOpenAsync(SqlConnectionOverrides overrides, CancellationToken cancellationToken)
--- End of stack trace from previous location ---
   at Microsoft.EntityFrameworkCore.Storage.RelationalConnection.OpenInternalAsync(Boolean errorsExpected, CancellationToken cancellationToken)
   at Microsoft.EntityFrameworkCore.Storage.RelationalConnection.OpenInternalAsync(Boolean errorsExpected, CancellationToken cancellationToken)
   at Microsoft.EntityFrameworkCore.Storage.RelationalConnection.OpenAsync(CancellationToken cancellationToken, Boolean errorsExpected)
   at Microsoft.EntityFrameworkCore.Storage.RelationalCommand.ExecuteReaderAsync(RelationalCommandParameterObject parameterObject, CancellationToken cancellationToken)
   at Microsoft.EntityFrameworkCore.Query.Internal.SingleQueryingEnumerable`1.AsyncEnumerator.InitializeReaderAsync(AsyncEnumerator enumerator, CancellationToken cancellationToken)
   at Microsoft.EntityFrameworkCore.SqlServer.Storage.Internal.SqlServerExecutionStrategy.ExecuteAsync[TState,TResult](TState state, Func`4 operation, Func`4 verifySucceeded, CancellationToken cancellationToken)
   at Microsoft.EntityFrameworkCore.Query.Internal.SingleQueryingEnumerable`1.AsyncEnumerator.MoveNextAsync()
2026-03-04 19:56:23.744 +05:30 [WRN] The WebRootPath was not found: D:\vs 2019 Repos\Society_8777\Society_8777\wwwroot. Static files may be unavailable.
2026-03-04 19:57:05.592 +05:30 [WRN] No store type was specified for the decimal property 'Amount' on entity type 'Tbl_PaymentTransaction'. This will cause values to be silently truncated if they do not fit in the default precision and scale. Explicitly specify the SQL server column type that can accommodate all the values in 'OnModelCreating' using 'HasColumnType', specify precision and scale using 'HasPrecision', or configure a value converter using 'HasConversion'.
2026-03-04 19:57:05.602 +05:30 [WRN] No store type was specified for the decimal property 'OverallFailedTotalReconcile' on entity type 'Tbl_User'. This will cause values to be silently truncated if they do not fit in the default precision and scale. Explicitly specify the SQL server column type that can accommodate all the values in 'OnModelCreating' using 'HasColumnType', specify precision and scale using 'HasPrecision', or configure a value converter using 'HasConversion'.
2026-03-04 19:57:05.606 +05:30 [WRN] No store type was specified for the decimal property 'OverallTotalReconcile' on entity type 'Tbl_User'. This will cause values to be silently truncated if they do not fit in the default precision and scale. Explicitly specify the SQL server column type that can accommodate all the values in 'OnModelCreating' using 'HasColumnType', specify precision and scale using 'HasPrecision', or configure a value converter using 'HasConversion'.
2026-03-04 19:57:05.611 +05:30 [WRN] No store type was specified for the decimal property 'OwnFailedReconcile' on entity type 'Tbl_User'. This will cause values to be silently truncated if they do not fit in the default precision and scale. Explicitly specify the SQL server column type that can accommodate all the values in 'OnModelCreating' using 'HasColumnType', specify precision and scale using 'HasPrecision', or configure a value converter using 'HasConversion'.
2026-03-04 19:57:05.616 +05:30 [WRN] No store type was specified for the decimal property 'OwnReconcileAmt' on entity type 'Tbl_User'. This will cause values to be silently truncated if they do not fit in the default precision and scale. Explicitly specify the SQL server column type that can accommodate all the values in 'OnModelCreating' using 'HasColumnType', specify precision and scale using 'HasPrecision', or configure a value converter using 'HasConversion'.
2026-03-04 19:57:16.075 +05:30 [WRN] The query uses the 'First'/'FirstOrDefault' operator without 'OrderBy' and filter operators. This may lead to unpredictable results.
2026-03-04 19:57:16.138 +05:30 [ERR] An exception occurred while iterating over the results of a query for context type 'Society_8777.DataBaseContext.DataBaseContext'.
System.InvalidOperationException: 'FromSql' or 'SqlQuery' was called with non-composable SQL and with a query composing over it. Consider calling 'AsEnumerable' after the method to perform the composition on the client side.
   at Microsoft.EntityFrameworkCore.Query.QuerySqlGenerator.CheckComposableSqlTrimmed(ReadOnlySpan`1 sql)
   at Microsoft.EntityFrameworkCore.SqlServer.Query.Internal.SqlServerQuerySqlGenerator.CheckComposableSqlTrimmed(ReadOnlySpan`1 sql)
   at Microsoft.EntityFrameworkCore.Query.QuerySqlGenerator.CheckComposableSql(String sql)
   at Microsoft.EntityFrameworkCore.Query.QuerySqlGenerator.VisitFromSql(FromSqlExpression fromSqlExpression)
   at Microsoft.EntityFrameworkCore.Query.SqlExpressionVisitor.VisitExtension(Expression extensionExpression)
   at Microsoft.EntityFrameworkCore.SqlServer.Query.Internal.SqlServerQuerySqlGenerator.VisitExtension(Expression extensionExpression)
   at Microsoft.EntityFrameworkCore.Query.QuerySqlGenerator.<GenerateFrom>b__51_0(TableExpressionBase e)
   at Microsoft.EntityFrameworkCore.Query.QuerySqlGenerator.GenerateList[T](IReadOnlyList`1 items, Action`1 generationAction, Action`1 joinAction)
   at Microsoft.EntityFrameworkCore.Query.QuerySqlGenerator.GenerateFrom(SelectExpression selectExpression)
   at Microsoft.EntityFrameworkCore.SqlServer.Query.Internal.SqlServerQuerySqlGenerator.GenerateFrom(SelectExpression selectExpression)
   at Microsoft.EntityFrameworkCore.Query.QuerySqlGenerator.VisitSelect(SelectExpression selectExpression)
   at Microsoft.EntityFrameworkCore.SqlServer.Query.Internal.SqlServerQuerySqlGenerator.VisitSelect(SelectExpression selectExpression)
   at Microsoft.EntityFrameworkCore.Query.QuerySqlGenerator.GenerateRootCommand(Expression queryExpression)
   at Microsoft.EntityFrameworkCore.Query.QuerySqlGenerator.GetCommand(Expression queryExpression)
   at Microsoft.EntityFrameworkCore.Query.Internal.RelationalCommandCache.GetRelationalCommandTemplate(IReadOnlyDictionary`2 parameters)
   at Microsoft.EntityFrameworkCore.Internal.RelationalCommandResolverExtensions.RentAndPopulateRelationalCommand(RelationalCommandResolver relationalCommandResolver, RelationalQueryContext queryContext)
   at Microsoft.EntityFrameworkCore.Query.Internal.SingleQueryingEnumerable`1.AsyncEnumerator.InitializeReaderAsync(AsyncEnumerator enumerator, CancellationToken cancellationToken)
   at Microsoft.EntityFrameworkCore.SqlServer.Storage.Internal.SqlServerExecutionStrategy.ExecuteAsync[TState,TResult](TState state, Func`4 operation, Func`4 verifySucceeded, CancellationToken cancellationToken)
   at Microsoft.EntityFrameworkCore.Query.Internal.SingleQueryingEnumerable`1.AsyncEnumerator.MoveNextAsync()
System.InvalidOperationException: 'FromSql' or 'SqlQuery' was called with non-composable SQL and with a query composing over it. Consider calling 'AsEnumerable' after the method to perform the composition on the client side.
   at Microsoft.EntityFrameworkCore.Query.QuerySqlGenerator.CheckComposableSqlTrimmed(ReadOnlySpan`1 sql)
   at Microsoft.EntityFrameworkCore.SqlServer.Query.Internal.SqlServerQuerySqlGenerator.CheckComposableSqlTrimmed(ReadOnlySpan`1 sql)
   at Microsoft.EntityFrameworkCore.Query.QuerySqlGenerator.CheckComposableSql(String sql)
   at Microsoft.EntityFrameworkCore.Query.QuerySqlGenerator.VisitFromSql(FromSqlExpression fromSqlExpression)
   at Microsoft.EntityFrameworkCore.Query.SqlExpressionVisitor.VisitExtension(Expression extensionExpression)
   at Microsoft.EntityFrameworkCore.SqlServer.Query.Internal.SqlServerQuerySqlGenerator.VisitExtension(Expression extensionExpression)
   at Microsoft.EntityFrameworkCore.Query.QuerySqlGenerator.<GenerateFrom>b__51_0(TableExpressionBase e)
   at Microsoft.EntityFrameworkCore.Query.QuerySqlGenerator.GenerateList[T](IReadOnlyList`1 items, Action`1 generationAction, Action`1 joinAction)
   at Microsoft.EntityFrameworkCore.Query.QuerySqlGenerator.GenerateFrom(SelectExpression selectExpression)
   at Microsoft.EntityFrameworkCore.SqlServer.Query.Internal.SqlServerQuerySqlGenerator.GenerateFrom(SelectExpression selectExpression)
   at Microsoft.EntityFrameworkCore.Query.QuerySqlGenerator.VisitSelect(SelectExpression selectExpression)
   at Microsoft.EntityFrameworkCore.SqlServer.Query.Internal.SqlServerQuerySqlGenerator.VisitSelect(SelectExpression selectExpression)
   at Microsoft.EntityFrameworkCore.Query.QuerySqlGenerator.GenerateRootCommand(Expression queryExpression)
   at Microsoft.EntityFrameworkCore.Query.QuerySqlGenerator.GetCommand(Expression queryExpression)
   at Microsoft.EntityFrameworkCore.Query.Internal.RelationalCommandCache.GetRelationalCommandTemplate(IReadOnlyDictionary`2 parameters)
   at Microsoft.EntityFrameworkCore.Internal.RelationalCommandResolverExtensions.RentAndPopulateRelationalCommand(RelationalCommandResolver relationalCommandResolver, RelationalQueryContext queryContext)
   at Microsoft.EntityFrameworkCore.Query.Internal.SingleQueryingEnumerable`1.AsyncEnumerator.InitializeReaderAsync(AsyncEnumerator enumerator, CancellationToken cancellationToken)
   at Microsoft.EntityFrameworkCore.SqlServer.Storage.Internal.SqlServerExecutionStrategy.ExecuteAsync[TState,TResult](TState state, Func`4 operation, Func`4 verifySucceeded, CancellationToken cancellationToken)
   at Microsoft.EntityFrameworkCore.Query.Internal.SingleQueryingEnumerable`1.AsyncEnumerator.MoveNextAsync()
2026-03-04 20:00:03.498 +05:30 [WRN] The WebRootPath was not found: D:\vs 2019 Repos\Society_8777\Society_8777\wwwroot. Static files may be unavailable.
2026-03-04 20:00:49.910 +05:30 [WRN] No store type was specified for the decimal property 'Amount' on entity type 'Tbl_PaymentTransaction'. This will cause values to be silently truncated if they do not fit in the default precision and scale. Explicitly specify the SQL server column type that can accommodate all the values in 'OnModelCreating' using 'HasColumnType', specify precision and scale using 'HasPrecision', or configure a value converter using 'HasConversion'.
2026-03-04 20:00:49.917 +05:30 [WRN] No store type was specified for the decimal property 'OverallFailedTotalReconcile' on entity type 'Tbl_User'. This will cause values to be silently truncated if they do not fit in the default precision and scale. Explicitly specify the SQL server column type that can accommodate all the values in 'OnModelCreating' using 'HasColumnType', specify precision and scale using 'HasPrecision', or configure a value converter using 'HasConversion'.
2026-03-04 20:00:49.920 +05:30 [WRN] No store type was specified for the decimal property 'OverallTotalReconcile' on entity type 'Tbl_User'. This will cause values to be silently truncated if they do not fit in the default precision and scale. Explicitly specify the SQL server column type that can accommodate all the values in 'OnModelCreating' using 'HasColumnType', specify precision and scale using 'HasPrecision', or configure a value converter using 'HasConversion'.
2026-03-04 20:00:49.923 +05:30 [WRN] No store type was specified for the decimal property 'OwnFailedReconcile' on entity type 'Tbl_User'. This will cause values to be silently truncated if they do not fit in the default precision and scale. Explicitly specify the SQL server column type that can accommodate all the values in 'OnModelCreating' using 'HasColumnType', specify precision and scale using 'HasPrecision', or configure a value converter using 'HasConversion'.
2026-03-04 20:00:49.926 +05:30 [WRN] No store type was specified for the decimal property 'OwnReconcileAmt' on entity type 'Tbl_User'. This will cause values to be silently truncated if they do not fit in the default precision and scale. Explicitly specify the SQL server column type that can accommodate all the values in 'OnModelCreating' using 'HasColumnType', specify precision and scale using 'HasPrecision', or configure a value converter using 'HasConversion'.
2026-03-04 20:31:45.965 +05:30 [WRN] The WebRootPath was not found: D:\vs 2019 Repos\Society_8777\Society_8777\wwwroot. Static files may be unavailable.
2026-03-04 20:32:27.883 +05:30 [WRN] No store type was specified for the decimal property 'Amount' on entity type 'Tbl_PaymentTransaction'. This will cause values to be silently truncated if they do not fit in the default precision and scale. Explicitly specify the SQL server column type that can accommodate all the values in 'OnModelCreating' using 'HasColumnType', specify precision and scale using 'HasPrecision', or configure a value converter using 'HasConversion'.
2026-03-04 20:32:27.897 +05:30 [WRN] No store type was specified for the decimal property 'OverallFailedTotalReconcile' on entity type 'Tbl_User'. This will cause values to be silently truncated if they do not fit in the default precision and scale. Explicitly specify the SQL server column type that can accommodate all the values in 'OnModelCreating' using 'HasColumnType', specify precision and scale using 'HasPrecision', or configure a value converter using 'HasConversion'.
2026-03-04 20:32:27.904 +05:30 [WRN] No store type was specified for the decimal property 'OverallTotalReconcile' on entity type 'Tbl_User'. This will cause values to be silently truncated if they do not fit in the default precision and scale. Explicitly specify the SQL server column type that can accommodate all the values in 'OnModelCreating' using 'HasColumnType', specify precision and scale using 'HasPrecision', or configure a value converter using 'HasConversion'.
2026-03-04 20:32:27.911 +05:30 [WRN] No store type was specified for the decimal property 'OwnFailedReconcile' on entity type 'Tbl_User'. This will cause values to be silently truncated if they do not fit in the default precision and scale. Explicitly specify the SQL server column type that can accommodate all the values in 'OnModelCreating' using 'HasColumnType', specify precision and scale using 'HasPrecision', or configure a value converter using 'HasConversion'.
2026-03-04 20:32:27.919 +05:30 [WRN] No store type was specified for the decimal property 'OwnReconcileAmt' on entity type 'Tbl_User'. This will cause values to be silently truncated if they do not fit in the default precision and scale. Explicitly specify the SQL server column type that can accommodate all the values in 'OnModelCreating' using 'HasColumnType', specify precision and scale using 'HasPrecision', or configure a value converter using 'HasConversion'.
2026-03-04 20:34:31.826 +05:30 [WRN] The WebRootPath was not found: D:\vs 2019 Repos\Society_8777\Society_8777\wwwroot. Static files may be unavailable.
2026-03-04 20:35:18.227 +05:30 [WRN] No store type was specified for the decimal property 'Amount' on entity type 'Tbl_PaymentTransaction'. This will cause values to be silently truncated if they do not fit in the default precision and scale. Explicitly specify the SQL server column type that can accommodate all the values in 'OnModelCreating' using 'HasColumnType', specify precision and scale using 'HasPrecision', or configure a value converter using 'HasConversion'.
2026-03-04 20:35:18.245 +05:30 [WRN] No store type was specified for the decimal property 'OverallFailedTotalReconcile' on entity type 'Tbl_User'. This will cause values to be silently truncated if they do not fit in the default precision and scale. Explicitly specify the SQL server column type that can accommodate all the values in 'OnModelCreating' using 'HasColumnType', specify precision and scale using 'HasPrecision', or configure a value converter using 'HasConversion'.
2026-03-04 20:35:18.249 +05:30 [WRN] No store type was specified for the decimal property 'OverallTotalReconcile' on entity type 'Tbl_User'. This will cause values to be silently truncated if they do not fit in the default precision and scale. Explicitly specify the SQL server column type that can accommodate all the values in 'OnModelCreating' using 'HasColumnType', specify precision and scale using 'HasPrecision', or configure a value converter using 'HasConversion'.
2026-03-04 20:35:18.253 +05:30 [WRN] No store type was specified for the decimal property 'OwnFailedReconcile' on entity type 'Tbl_User'. This will cause values to be silently truncated if they do not fit in the default precision and scale. Explicitly specify the SQL server column type that can accommodate all the values in 'OnModelCreating' using 'HasColumnType', specify precision and scale using 'HasPrecision', or configure a value converter using 'HasConversion'.
2026-03-04 20:35:18.260 +05:30 [WRN] No store type was specified for the decimal property 'OwnReconcileAmt' on entity type 'Tbl_User'. This will cause values to be silently truncated if they do not fit in the default precision and scale. Explicitly specify the SQL server column type that can accommodate all the values in 'OnModelCreating' using 'HasColumnType', specify precision and scale using 'HasPrecision', or configure a value converter using 'HasConversion'.
2026-03-04 20:46:52.856 +05:30 [WRN] The WebRootPath was not found: D:\vs 2019 Repos\Society_8777\Society_8777\wwwroot. Static files may be unavailable.
2026-03-04 20:47:41.002 +05:30 [WRN] No store type was specified for the decimal property 'Amount' on entity type 'Tbl_PaymentTransaction'. This will cause values to be silently truncated if they do not fit in the default precision and scale. Explicitly specify the SQL server column type that can accommodate all the values in 'OnModelCreating' using 'HasColumnType', specify precision and scale using 'HasPrecision', or configure a value converter using 'HasConversion'.
2026-03-04 20:47:41.012 +05:30 [WRN] No store type was specified for the decimal property 'OverallFailedTotalReconcile' on entity type 'Tbl_User'. This will cause values to be silently truncated if they do not fit in the default precision and scale. Explicitly specify the SQL server column type that can accommodate all the values in 'OnModelCreating' using 'HasColumnType', specify precision and scale using 'HasPrecision', or configure a value converter using 'HasConversion'.
2026-03-04 20:47:41.017 +05:30 [WRN] No store type was specified for the decimal property 'OverallTotalReconcile' on entity type 'Tbl_User'. This will cause values to be silently truncated if they do not fit in the default precision and scale. Explicitly specify the SQL server column type that can accommodate all the values in 'OnModelCreating' using 'HasColumnType', specify precision and scale using 'HasPrecision', or configure a value converter using 'HasConversion'.
2026-03-04 20:47:41.022 +05:30 [WRN] No store type was specified for the decimal property 'OwnFailedReconcile' on entity type 'Tbl_User'. This will cause values to be silently truncated if they do not fit in the default precision and scale. Explicitly specify the SQL server column type that can accommodate all the values in 'OnModelCreating' using 'HasColumnType', specify precision and scale using 'HasPrecision', or configure a value converter using 'HasConversion'.
2026-03-04 20:47:41.028 +05:30 [WRN] No store type was specified for the decimal property 'OwnReconcileAmt' on entity type 'Tbl_User'. This will cause values to be silently truncated if they do not fit in the default precision and scale. Explicitly specify the SQL server column type that can accommodate all the values in 'OnModelCreating' using 'HasColumnType', specify precision and scale using 'HasPrecision', or configure a value converter using 'HasConversion'.
2026-03-04 20:53:52.771 +05:30 [WRN] The WebRootPath was not found: D:\vs 2019 Repos\Society_8777\Society_8777\wwwroot. Static files may be unavailable.
2026-03-04 20:59:24.667 +05:30 [WRN] No store type was specified for the decimal property 'Amount' on entity type 'Tbl_PaymentTransaction'. This will cause values to be silently truncated if they do not fit in the default precision and scale. Explicitly specify the SQL server column type that can accommodate all the values in 'OnModelCreating' using 'HasColumnType', specify precision and scale using 'HasPrecision', or configure a value converter using 'HasConversion'.
2026-03-04 20:59:24.676 +05:30 [WRN] No store type was specified for the decimal property 'OverallFailedTotalReconcile' on entity type 'Tbl_User'. This will cause values to be silently truncated if they do not fit in the default precision and scale. Explicitly specify the SQL server column type that can accommodate all the values in 'OnModelCreating' using 'HasColumnType', specify precision and scale using 'HasPrecision', or configure a value converter using 'HasConversion'.
2026-03-04 20:59:24.680 +05:30 [WRN] No store type was specified for the decimal property 'OverallTotalReconcile' on entity type 'Tbl_User'. This will cause values to be silently truncated if they do not fit in the default precision and scale. Explicitly specify the SQL server column type that can accommodate all the values in 'OnModelCreating' using 'HasColumnType', specify precision and scale using 'HasPrecision', or configure a value converter using 'HasConversion'.
2026-03-04 20:59:24.684 +05:30 [WRN] No store type was specified for the decimal property 'OwnFailedReconcile' on entity type 'Tbl_User'. This will cause values to be silently truncated if they do not fit in the default precision and scale. Explicitly specify the SQL server column type that can accommodate all the values in 'OnModelCreating' using 'HasColumnType', specify precision and scale using 'HasPrecision', or configure a value converter using 'HasConversion'.
2026-03-04 20:59:24.688 +05:30 [WRN] No store type was specified for the decimal property 'OwnReconcileAmt' on entity type 'Tbl_User'. This will cause values to be silently truncated if they do not fit in the default precision and scale. Explicitly specify the SQL server column type that can accommodate all the values in 'OnModelCreating' using 'HasColumnType', specify precision and scale using 'HasPrecision', or configure a value converter using 'HasConversion'.
2026-03-04 21:05:44.833 +05:30 [WRN] The WebRootPath was not found: D:\vs 2019 Repos\Society_8777\Society_8777\wwwroot. Static files may be unavailable.
2026-03-04 21:07:59.049 +05:30 [WRN] No store type was specified for the decimal property 'Amount' on entity type 'Tbl_PaymentTransaction'. This will cause values to be silently truncated if they do not fit in the default precision and scale. Explicitly specify the SQL server column type that can accommodate all the values in 'OnModelCreating' using 'HasColumnType', specify precision and scale using 'HasPrecision', or configure a value converter using 'HasConversion'.
2026-03-04 21:07:59.059 +05:30 [WRN] No store type was specified for the decimal property 'OverallFailedTotalReconcile' on entity type 'Tbl_User'. This will cause values to be silently truncated if they do not fit in the default precision and scale. Explicitly specify the SQL server column type that can accommodate all the values in 'OnModelCreating' using 'HasColumnType', specify precision and scale using 'HasPrecision', or configure a value converter using 'HasConversion'.
2026-03-04 21:07:59.063 +05:30 [WRN] No store type was specified for the decimal property 'OverallTotalReconcile' on entity type 'Tbl_User'. This will cause values to be silently truncated if they do not fit in the default precision and scale. Explicitly specify the SQL server column type that can accommodate all the values in 'OnModelCreating' using 'HasColumnType', specify precision and scale using 'HasPrecision', or configure a value converter using 'HasConversion'.
2026-03-04 21:07:59.068 +05:30 [WRN] No store type was specified for the decimal property 'OwnFailedReconcile' on entity type 'Tbl_User'. This will cause values to be silently truncated if they do not fit in the default precision and scale. Explicitly specify the SQL server column type that can accommodate all the values in 'OnModelCreating' using 'HasColumnType', specify precision and scale using 'HasPrecision', or configure a value converter using 'HasConversion'.
2026-03-04 21:07:59.073 +05:30 [WRN] No store type was specified for the decimal property 'OwnReconcileAmt' on entity type 'Tbl_User'. This will cause values to be silently truncated if they do not fit in the default precision and scale. Explicitly specify the SQL server column type that can accommodate all the values in 'OnModelCreating' using 'HasColumnType', specify precision and scale using 'HasPrecision', or configure a value converter using 'HasConversion'.
